---
source: zap/tests/selene/mod.rs
expression: tooling_diagnostics
input_file: zap/tests/files/function_two_unnamed_parameters.zap
---
[]
