---
source: zap/tests/selene/mod.rs
expression: server_diagnostics
input_file: zap/tests/files/vector_two_arguments.zap
---
[]
